
Note: Compatibility modes selected: hs a


Circuit: * strongarm local mismatch sample; seed=1118

option SCALE: Scale is set to 1e-06 for instance and model parameters
option SCALE: Scale is set to 1e-06 for instance and model parameters
option SCALE: Scale is set to 1e-06 for instance and model parameters
option SCALE: Scale is set to 1e-06 for instance and model parameters
Doing analysis at TEMP = 27.000000 and TNOM = 27.000000

Using SPARSE 1.3 as Direct Linear Solver

Initial Transient Solution
--------------------------

Node                                   Voltage
----                                   -------
vdd                                        1.8
vin1                                      0.86
vin2                                      0.94
clk                                          0
x1.p                                       1.8
vout_p                                     1.8
vout_n                                     1.8
x1.q                                       1.8
x1.tail                               0.728033
vpulse#branch                                0
vvin2#branch                                 0
vvin1#branch                                 0
vvdd#branch                       -1.30714e-11


No. of Data Rows : 1874
vp_lo               =  1.80000e+00
vn_lo               =  3.26957e-06
MC_ENDPOINT_LO seed=1118
Doing analysis at TEMP = 27.000000 and TNOM = 27.000000

Using SPARSE 1.3 as Direct Linear Solver

Initial Transient Solution
--------------------------

Node                                   Voltage
----                                   -------
vdd                                        1.8
vin1                                      0.94
vin2                                      0.86
clk                                          0
x1.p                                       1.8
vout_p                                     1.8
vout_n                                     1.8
x1.q                                       1.8
x1.tail                               0.728342
vpulse#branch                                0
vvin2#branch                                 0
vvin1#branch                                 0
vvdd#branch                       -1.30723e-11


No. of Data Rows : 1874
vp_hi               =  3.49142e-06
vn_hi               =  1.80000e+00
MC_ENDPOINT_HI seed=1118
Doing analysis at TEMP = 27.000000 and TNOM = 27.000000

Using SPARSE 1.3 as Direct Linear Solver

Initial Transient Solution
--------------------------

Node                                   Voltage
----                                   -------
vdd                                        1.8
vin1                                       0.9
vin2                                       0.9
clk                                          0
x1.p                                       1.8
vout_p                                     1.8
vout_n                                     1.8
x1.q                                       1.8
x1.tail                               0.712721
vpulse#branch                                0
vvin2#branch                                 0
vvin1#branch                                 0
vvdd#branch                       -1.30252e-11


No. of Data Rows : 1875
vp_mid              =  1.80000e+00
vn_mid              =  2.55678e-06
Doing analysis at TEMP = 27.000000 and TNOM = 27.000000

Using SPARSE 1.3 as Direct Linear Solver

Initial Transient Solution
--------------------------

Node                                   Voltage
----                                   -------
vdd                                        1.8
vin1                                      0.92
vin2                                      0.88
clk                                          0
x1.p                                       1.8
vout_p                                     1.8
vout_n                                     1.8
x1.q                                       1.8
x1.tail                               0.717221
vpulse#branch                                0
vvin2#branch                                 0
vvin1#branch                                 0
vvdd#branch                       -1.30388e-11


No. of Data Rows : 1875
vp_mid              =  2.71097e-06
vn_mid              =  1.80000e+00
Doing analysis at TEMP = 27.000000 and TNOM = 27.000000

Using SPARSE 1.3 as Direct Linear Solver

Initial Transient Solution
--------------------------

Node                                   Voltage
----                                   -------
vdd                                        1.8
vin1                                      0.91
vin2                                      0.89
clk                                          0
x1.p                                       1.8
vout_p                                     1.8
vout_n                                     1.8
x1.q                                       1.8
x1.tail                               0.713918
vpulse#branch                                0
vvin2#branch                                 0
vvin1#branch                                 0
vvdd#branch                       -1.30289e-11


No. of Data Rows : 1875
vp_mid              =  6.47201e-07
vn_mid              =  1.80000e+00
Doing analysis at TEMP = 27.000000 and TNOM = 27.000000

Using SPARSE 1.3 as Direct Linear Solver

Initial Transient Solution
--------------------------

Node                                   Voltage
----                                   -------
vdd                                        1.8
vin1                                     0.905
vin2                                     0.895
clk                                          0
x1.p                                       1.8
vout_p                                     1.8
vout_n                                     1.8
x1.q                                       1.8
x1.tail                               0.713037
vpulse#branch                                0
vvin2#branch                                 0
vvin1#branch                                 0
vvdd#branch                       -1.30262e-11


No. of Data Rows : 1875
vp_mid              =  -7.04744e-06
vn_mid              =  1.80000e+00
Doing analysis at TEMP = 27.000000 and TNOM = 27.000000

Using SPARSE 1.3 as Direct Linear Solver

Initial Transient Solution
--------------------------

Node                                   Voltage
----                                   -------
vdd                                        1.8
vin1                                    0.9025
vin2                                    0.8975
clk                                          0
x1.p                                       1.8
vout_p                                     1.8
vout_n                                     1.8
x1.q                                       1.8
x1.tail                               0.712807
vpulse#branch                                0
vvin2#branch                                 0
vvin1#branch                                 0
vvdd#branch                       -1.30256e-11


No. of Data Rows : 1875
vp_mid              =  -7.45848e-06
vn_mid              =  1.79999e+00
Doing analysis at TEMP = 27.000000 and TNOM = 27.000000

Using SPARSE 1.3 as Direct Linear Solver

Initial Transient Solution
--------------------------

Node                                   Voltage
----                                   -------
vdd                                        1.8
vin1                                   0.90125
vin2                                   0.89875
clk                                          0
x1.p                                       1.8
vout_p                                     1.8
vout_n                                     1.8
x1.q                                       1.8
x1.tail                               0.712746
vpulse#branch                                0
vvin2#branch                                 0
vvin1#branch                                 0
vvdd#branch                       -1.30253e-11


No. of Data Rows : 1875
vp_mid              =  1.57390e-06
vn_mid              =  1.79999e+00
Doing analysis at TEMP = 27.000000 and TNOM = 27.000000

Using SPARSE 1.3 as Direct Linear Solver

Initial Transient Solution
--------------------------

Node                                   Voltage
----                                   -------
vdd                                        1.8
vin1                                  0.900625
vin2                                  0.899375
clk                                          0
x1.p                                       1.8
vout_p                                     1.8
vout_n                                     1.8
x1.q                                       1.8
x1.tail                               0.712729
vpulse#branch                                0
vvin2#branch                                 0
vvin1#branch                                 0
vvdd#branch                       -1.30253e-11


No. of Data Rows : 1875
vp_mid              =  2.62860e-06
vn_mid              =  1.80000e+00
Doing analysis at TEMP = 27.000000 and TNOM = 27.000000

Using SPARSE 1.3 as Direct Linear Solver

Initial Transient Solution
--------------------------

Node                                   Voltage
----                                   -------
vdd                                        1.8
vin1                                  0.900313
vin2                                  0.899687
clk                                          0
x1.p                                       1.8
vout_p                                     1.8
vout_n                                     1.8
x1.q                                       1.8
x1.tail                               0.712724
vpulse#branch                                0
vvin2#branch                                 0
vvin1#branch                                 0
vvdd#branch                       -1.30253e-11


No. of Data Rows : 1876
vp_mid              =  1.79999e+00
vn_mid              =  7.14424e-06
Doing analysis at TEMP = 27.000000 and TNOM = 27.000000

Using SPARSE 1.3 as Direct Linear Solver

Initial Transient Solution
--------------------------

Node                                   Voltage
----                                   -------
vdd                                        1.8
vin1                                  0.900469
vin2                                  0.899531
clk                                          0
x1.p                                       1.8
vout_p                                     1.8
vout_n                                     1.8
x1.q                                       1.8
x1.tail                               0.712726
vpulse#branch                                0
vvin2#branch                                 0
vvin1#branch                                 0
vvdd#branch                       -1.30253e-11


No. of Data Rows : 1876
vp_mid              =  -9.53438e-07
vn_mid              =  1.80000e+00
Doing analysis at TEMP = 27.000000 and TNOM = 27.000000

Using SPARSE 1.3 as Direct Linear Solver

Initial Transient Solution
--------------------------

Node                                   Voltage
----                                   -------
vdd                                        1.8
vin1                                  0.900391
vin2                                  0.899609
clk                                          0
x1.p                                       1.8
vout_p                                     1.8
vout_n                                     1.8
x1.q                                       1.8
x1.tail                               0.712725
vpulse#branch                                0
vvin2#branch                                 0
vvin1#branch                                 0
vvdd#branch                       -1.30253e-11


No. of Data Rows : 1876
vp_mid              =  1.80002e+00
vn_mid              =  -1.12468e-05
Doing analysis at TEMP = 27.000000 and TNOM = 27.000000

Using SPARSE 1.3 as Direct Linear Solver

Initial Transient Solution
--------------------------

Node                                   Voltage
----                                   -------
vdd                                        1.8
vin1                                   0.90043
vin2                                   0.89957
clk                                          0
x1.p                                       1.8
vout_p                                     1.8
vout_n                                     1.8
x1.q                                       1.8
x1.tail                               0.712725
vpulse#branch                                0
vvin2#branch                                 0
vvin1#branch                                 0
vvdd#branch                       -1.30253e-11


No. of Data Rows : 1880
vp_mid              =  -3.88091e-06
vn_mid              =  1.80002e+00
Doing analysis at TEMP = 27.000000 and TNOM = 27.000000

Using SPARSE 1.3 as Direct Linear Solver

Initial Transient Solution
--------------------------

Node                                   Voltage
----                                   -------
vdd                                        1.8
vin1                                   0.90041
vin2                                   0.89959
clk                                          0
x1.p                                       1.8
vout_p                                     1.8
vout_n                                     1.8
x1.q                                       1.8
x1.tail                               0.712725
vpulse#branch                                0
vvin2#branch                                 0
vvin1#branch                                 0
vvdd#branch                       -1.30253e-11


No. of Data Rows : 1876
vp_mid              =  6.12980e-06
vn_mid              =  1.79999e+00
MC_BOUNDARY seed=1118 lo_V=0.00078125 hi_V=0.000820313
Note: Simulation executed from .control section 
