
Note: Compatibility modes selected: hs a


Circuit: * strongarm local mismatch sample; seed=1195

option SCALE: Scale is set to 1e-06 for instance and model parameters
option SCALE: Scale is set to 1e-06 for instance and model parameters
option SCALE: Scale is set to 1e-06 for instance and model parameters
option SCALE: Scale is set to 1e-06 for instance and model parameters
Doing analysis at TEMP = 27.000000 and TNOM = 27.000000

Using SPARSE 1.3 as Direct Linear Solver

Initial Transient Solution
--------------------------

Node                                   Voltage
----                                   -------
vdd                                        1.8
vin1                                      0.86
vin2                                      0.94
clk                                          0
x1.p                                       1.8
vout_p                                     1.8
vout_n                                     1.8
x1.q                                       1.8
x1.tail                               0.730913
vpulse#branch                                0
vvin2#branch                                 0
vvin1#branch                                 0
vvdd#branch                       -1.31029e-11


No. of Data Rows : 1875
vp_lo               =  1.80000e+00
vn_lo               =  2.21706e-06
MC_ENDPOINT_LO seed=1195
Doing analysis at TEMP = 27.000000 and TNOM = 27.000000

Using SPARSE 1.3 as Direct Linear Solver

Initial Transient Solution
--------------------------

Node                                   Voltage
----                                   -------
vdd                                        1.8
vin1                                      0.94
vin2                                      0.86
clk                                          0
x1.p                                       1.8
vout_p                                     1.8
vout_n                                     1.8
x1.q                                       1.8
x1.tail                               0.731705
vpulse#branch                                0
vvin2#branch                                 0
vvin1#branch                                 0
vvdd#branch                       -1.31053e-11


No. of Data Rows : 1875
vp_hi               =  2.26060e-06
vn_hi               =  1.80000e+00
MC_ENDPOINT_HI seed=1195
Doing analysis at TEMP = 27.000000 and TNOM = 27.000000

Using SPARSE 1.3 as Direct Linear Solver

Initial Transient Solution
--------------------------

Node                                   Voltage
----                                   -------
vdd                                        1.8
vin1                                       0.9
vin2                                       0.9
clk                                          0
x1.p                                       1.8
vout_p                                     1.8
vout_n                                     1.8
x1.q                                       1.8
x1.tail                               0.715832
vpulse#branch                                0
vvin2#branch                                 0
vvin1#branch                                 0
vvdd#branch                       -1.30572e-11


No. of Data Rows : 1876
vp_mid              =  2.17305e-06
vn_mid              =  1.80000e+00
Doing analysis at TEMP = 27.000000 and TNOM = 27.000000

Using SPARSE 1.3 as Direct Linear Solver

Initial Transient Solution
--------------------------

Node                                   Voltage
----                                   -------
vdd                                        1.8
vin1                                      0.88
vin2                                      0.92
clk                                          0
x1.p                                       1.8
vout_p                                     1.8
vout_n                                     1.8
x1.q                                       1.8
x1.tail                               0.719985
vpulse#branch                                0
vvin2#branch                                 0
vvin1#branch                                 0
vvdd#branch                       -1.30697e-11


No. of Data Rows : 1875
vp_mid              =  1.80000e+00
vn_mid              =  1.92903e-06
Doing analysis at TEMP = 27.000000 and TNOM = 27.000000

Using SPARSE 1.3 as Direct Linear Solver

Initial Transient Solution
--------------------------

Node                                   Voltage
----                                   -------
vdd                                        1.8
vin1                                      0.89
vin2                                      0.91
clk                                          0
x1.p                                       1.8
vout_p                                     1.8
vout_n                                     1.8
x1.q                                       1.8
x1.tail                               0.716841
vpulse#branch                                0
vvin2#branch                                 0
vvin1#branch                                 0
vvdd#branch                       -1.30602e-11


No. of Data Rows : 1875
vp_mid              =  1.80000e+00
vn_mid              =  3.95067e-06
Doing analysis at TEMP = 27.000000 and TNOM = 27.000000

Using SPARSE 1.3 as Direct Linear Solver

Initial Transient Solution
--------------------------

Node                                   Voltage
----                                   -------
vdd                                        1.8
vin1                                     0.895
vin2                                     0.905
clk                                          0
x1.p                                       1.8
vout_p                                     1.8
vout_n                                     1.8
x1.q                                       1.8
x1.tail                               0.716052
vpulse#branch                                0
vvin2#branch                                 0
vvin1#branch                                 0
vvdd#branch                       -1.30579e-11


No. of Data Rows : 1875
vp_mid              =  1.80000e+00
vn_mid              =  -5.03174e-06
Doing analysis at TEMP = 27.000000 and TNOM = 27.000000

Using SPARSE 1.3 as Direct Linear Solver

Initial Transient Solution
--------------------------

Node                                   Voltage
----                                   -------
vdd                                        1.8
vin1                                    0.8975
vin2                                    0.9025
clk                                          0
x1.p                                       1.8
vout_p                                     1.8
vout_n                                     1.8
x1.q                                       1.8
x1.tail                                0.71587
vpulse#branch                                0
vvin2#branch                                 0
vvin1#branch                                 0
vvdd#branch                       -1.30572e-11


No. of Data Rows : 1875
vp_mid              =  1.80001e+00
vn_mid              =  -1.36564e-05
Doing analysis at TEMP = 27.000000 and TNOM = 27.000000

Using SPARSE 1.3 as Direct Linear Solver

Initial Transient Solution
--------------------------

Node                                   Voltage
----                                   -------
vdd                                        1.8
vin1                                   0.89875
vin2                                   0.90125
clk                                          0
x1.p                                       1.8
vout_p                                     1.8
vout_n                                     1.8
x1.q                                       1.8
x1.tail                               0.715833
vpulse#branch                                0
vvin2#branch                                 0
vvin1#branch                                 0
vvdd#branch                       -1.30572e-11


No. of Data Rows : 1876
vp_mid              =  1.79998e+00
vn_mid              =  -5.17747e-06
Doing analysis at TEMP = 27.000000 and TNOM = 27.000000

Using SPARSE 1.3 as Direct Linear Solver

Initial Transient Solution
--------------------------

Node                                   Voltage
----                                   -------
vdd                                        1.8
vin1                                  0.899375
vin2                                  0.900625
clk                                          0
x1.p                                       1.8
vout_p                                     1.8
vout_n                                     1.8
x1.q                                       1.8
x1.tail                               0.715828
vpulse#branch                                0
vvin2#branch                                 0
vvin1#branch                                 0
vvdd#branch                       -1.30572e-11


No. of Data Rows : 1876
vp_mid              =  1.80000e+00
vn_mid              =  2.15157e-06
Doing analysis at TEMP = 27.000000 and TNOM = 27.000000

Using SPARSE 1.3 as Direct Linear Solver

Initial Transient Solution
--------------------------

Node                                   Voltage
----                                   -------
vdd                                        1.8
vin1                                  0.899687
vin2                                  0.900313
clk                                          0
x1.p                                       1.8
vout_p                                     1.8
vout_n                                     1.8
x1.q                                       1.8
x1.tail                               0.715829
vpulse#branch                                0
vvin2#branch                                 0
vvin1#branch                                 0
vvdd#branch                       -1.30572e-11


No. of Data Rows : 1877
vp_mid              =  4.91296e-06
vn_mid              =  1.79999e+00
Doing analysis at TEMP = 27.000000 and TNOM = 27.000000

Using SPARSE 1.3 as Direct Linear Solver

Initial Transient Solution
--------------------------

Node                                   Voltage
----                                   -------
vdd                                        1.8
vin1                                  0.899531
vin2                                  0.900469
clk                                          0
x1.p                                       1.8
vout_p                                     1.8
vout_n                                     1.8
x1.q                                       1.8
x1.tail                               0.715828
vpulse#branch                                0
vvin2#branch                                 0
vvin1#branch                                 0
vvdd#branch                       -1.30572e-11


No. of Data Rows : 1875
vp_mid              =  1.80000e+00
vn_mid              =  2.23761e-06
Doing analysis at TEMP = 27.000000 and TNOM = 27.000000

Using SPARSE 1.3 as Direct Linear Solver

Initial Transient Solution
--------------------------

Node                                   Voltage
----                                   -------
vdd                                        1.8
vin1                                  0.899609
vin2                                  0.900391
clk                                          0
x1.p                                       1.8
vout_p                                     1.8
vout_n                                     1.8
x1.q                                       1.8
x1.tail                               0.715828
vpulse#branch                                0
vvin2#branch                                 0
vvin1#branch                                 0
vvdd#branch                       -1.30571e-11


No. of Data Rows : 1876
vp_mid              =  1.80000e+00
vn_mid              =  -2.00837e-06
Doing analysis at TEMP = 27.000000 and TNOM = 27.000000

Using SPARSE 1.3 as Direct Linear Solver

Initial Transient Solution
--------------------------

Node                                   Voltage
----                                   -------
vdd                                        1.8
vin1                                  0.899648
vin2                                  0.900352
clk                                          0
x1.p                                       1.8
vout_p                                     1.8
vout_n                                     1.8
x1.q                                       1.8
x1.tail                               0.715829
vpulse#branch                                0
vvin2#branch                                 0
vvin1#branch                                 0
vvdd#branch                       -1.30572e-11


No. of Data Rows : 1876
vp_mid              =  -1.14550e-05
vn_mid              =  1.80002e+00
Doing analysis at TEMP = 27.000000 and TNOM = 27.000000

Using SPARSE 1.3 as Direct Linear Solver

Initial Transient Solution
--------------------------

Node                                   Voltage
----                                   -------
vdd                                        1.8
vin1                                  0.899629
vin2                                  0.900371
clk                                          0
x1.p                                       1.8
vout_p                                     1.8
vout_n                                     1.8
x1.q                                       1.8
x1.tail                               0.715828
vpulse#branch                                0
vvin2#branch                                 0
vvin1#branch                                 0
vvdd#branch                       -1.30571e-11


No. of Data Rows : 1877
vp_mid              =  1.79999e+00
vn_mid              =  4.79755e-06
MC_BOUNDARY seed=1195 lo_V=-0.000742188 hi_V=-0.000703125
Note: Simulation executed from .control section 
