
Note: Compatibility modes selected: hs a


Circuit: * strongarm local mismatch sample; seed=1071

option SCALE: Scale is set to 1e-06 for instance and model parameters
option SCALE: Scale is set to 1e-06 for instance and model parameters
option SCALE: Scale is set to 1e-06 for instance and model parameters
option SCALE: Scale is set to 1e-06 for instance and model parameters
Doing analysis at TEMP = 27.000000 and TNOM = 27.000000

Using SPARSE 1.3 as Direct Linear Solver

Initial Transient Solution
--------------------------

Node                                   Voltage
----                                   -------
vdd                                        1.8
vin1                                      0.86
vin2                                      0.94
clk                                          0
x1.p                                       1.8
vout_p                                     1.8
vout_n                                     1.8
x1.q                                       1.8
x1.tail                               0.730057
vpulse#branch                                0
vvin2#branch                                 0
vvin1#branch                                 0
vvdd#branch                       -1.30836e-11


No. of Data Rows : 1874
vp_lo               =  1.80000e+00
vn_lo               =  3.45700e-06
MC_ENDPOINT_LO seed=1071
Doing analysis at TEMP = 27.000000 and TNOM = 27.000000

Using SPARSE 1.3 as Direct Linear Solver

Initial Transient Solution
--------------------------

Node                                   Voltage
----                                   -------
vdd                                        1.8
vin1                                      0.94
vin2                                      0.86
clk                                          0
x1.p                                       1.8
vout_p                                     1.8
vout_n                                     1.8
x1.q                                       1.8
x1.tail                               0.728949
vpulse#branch                                0
vvin2#branch                                 0
vvin1#branch                                 0
vvdd#branch                       -1.30803e-11


No. of Data Rows : 1874
vp_hi               =  3.64413e-06
vn_hi               =  1.80000e+00
MC_ENDPOINT_HI seed=1071
Doing analysis at TEMP = 27.000000 and TNOM = 27.000000

Using SPARSE 1.3 as Direct Linear Solver

Initial Transient Solution
--------------------------

Node                                   Voltage
----                                   -------
vdd                                        1.8
vin1                                       0.9
vin2                                       0.9
clk                                          0
x1.p                                       1.8
vout_p                                     1.8
vout_n                                     1.8
x1.q                                       1.8
x1.tail                               0.714037
vpulse#branch                                0
vvin2#branch                                 0
vvin1#branch                                 0
vvdd#branch                       -1.30353e-11


No. of Data Rows : 1875
vp_mid              =  1.79999e+00
vn_mid              =  1.85521e-06
Doing analysis at TEMP = 27.000000 and TNOM = 27.000000

Using SPARSE 1.3 as Direct Linear Solver

Initial Transient Solution
--------------------------

Node                                   Voltage
----                                   -------
vdd                                        1.8
vin1                                      0.92
vin2                                      0.88
clk                                          0
x1.p                                       1.8
vout_p                                     1.8
vout_n                                     1.8
x1.q                                       1.8
x1.tail                               0.718086
vpulse#branch                                0
vvin2#branch                                 0
vvin1#branch                                 0
vvdd#branch                       -1.30474e-11


No. of Data Rows : 1875
vp_mid              =  2.82639e-06
vn_mid              =  1.80000e+00
Doing analysis at TEMP = 27.000000 and TNOM = 27.000000

Using SPARSE 1.3 as Direct Linear Solver

Initial Transient Solution
--------------------------

Node                                   Voltage
----                                   -------
vdd                                        1.8
vin1                                      0.91
vin2                                      0.89
clk                                          0
x1.p                                       1.8
vout_p                                     1.8
vout_n                                     1.8
x1.q                                       1.8
x1.tail                               0.714991
vpulse#branch                                0
vvin2#branch                                 0
vvin1#branch                                 0
vvdd#branch                       -1.30381e-11


No. of Data Rows : 1875
vp_mid              =  1.65453e-06
vn_mid              =  1.80000e+00
Doing analysis at TEMP = 27.000000 and TNOM = 27.000000

Using SPARSE 1.3 as Direct Linear Solver

Initial Transient Solution
--------------------------

Node                                   Voltage
----                                   -------
vdd                                        1.8
vin1                                     0.905
vin2                                     0.895
clk                                          0
x1.p                                       1.8
vout_p                                     1.8
vout_n                                     1.8
x1.q                                       1.8
x1.tail                               0.714229
vpulse#branch                                0
vvin2#branch                                 0
vvin1#branch                                 0
vvdd#branch                       -1.30358e-11


No. of Data Rows : 1875
vp_mid              =  -7.49789e-06
vn_mid              =  1.80000e+00
Doing analysis at TEMP = 27.000000 and TNOM = 27.000000

Using SPARSE 1.3 as Direct Linear Solver

Initial Transient Solution
--------------------------

Node                                   Voltage
----                                   -------
vdd                                        1.8
vin1                                    0.9025
vin2                                    0.8975
clk                                          0
x1.p                                       1.8
vout_p                                     1.8
vout_n                                     1.8
x1.q                                       1.8
x1.tail                               0.714061
vpulse#branch                                0
vvin2#branch                                 0
vvin1#branch                                 0
vvdd#branch                       -1.30353e-11


No. of Data Rows : 1875
vp_mid              =  -6.92554e-06
vn_mid              =  1.79999e+00
Doing analysis at TEMP = 27.000000 and TNOM = 27.000000

Using SPARSE 1.3 as Direct Linear Solver

Initial Transient Solution
--------------------------

Node                                   Voltage
----                                   -------
vdd                                        1.8
vin1                                   0.90125
vin2                                   0.89875
clk                                          0
x1.p                                       1.8
vout_p                                     1.8
vout_n                                     1.8
x1.q                                       1.8
x1.tail                                0.71403
vpulse#branch                                0
vvin2#branch                                 0
vvin1#branch                                 0
vvdd#branch                       -1.30352e-11


No. of Data Rows : 1876
vp_mid              =  2.78061e-06
vn_mid              =  1.80000e+00
Doing analysis at TEMP = 27.000000 and TNOM = 27.000000

Using SPARSE 1.3 as Direct Linear Solver

Initial Transient Solution
--------------------------

Node                                   Voltage
----                                   -------
vdd                                        1.8
vin1                                  0.900625
vin2                                  0.899375
clk                                          0
x1.p                                       1.8
vout_p                                     1.8
vout_n                                     1.8
x1.q                                       1.8
x1.tail                               0.714029
vpulse#branch                                0
vvin2#branch                                 0
vvin1#branch                                 0
vvdd#branch                       -1.30352e-11


No. of Data Rows : 1878
vp_mid              =  1.79997e+00
vn_mid              =  6.74453e-06
Doing analysis at TEMP = 27.000000 and TNOM = 27.000000

Using SPARSE 1.3 as Direct Linear Solver

Initial Transient Solution
--------------------------

Node                                   Voltage
----                                   -------
vdd                                        1.8
vin1                                  0.900938
vin2                                  0.899062
clk                                          0
x1.p                                       1.8
vout_p                                     1.8
vout_n                                     1.8
x1.q                                       1.8
x1.tail                               0.714029
vpulse#branch                                0
vvin2#branch                                 0
vvin1#branch                                 0
vvdd#branch                       -1.30352e-11


No. of Data Rows : 1876
vp_mid              =  -5.94088e-07
vn_mid              =  1.79999e+00
Doing analysis at TEMP = 27.000000 and TNOM = 27.000000

Using SPARSE 1.3 as Direct Linear Solver

Initial Transient Solution
--------------------------

Node                                   Voltage
----                                   -------
vdd                                        1.8
vin1                                  0.900781
vin2                                  0.899219
clk                                          0
x1.p                                       1.8
vout_p                                     1.8
vout_n                                     1.8
x1.q                                       1.8
x1.tail                               0.714029
vpulse#branch                                0
vvin2#branch                                 0
vvin1#branch                                 0
vvdd#branch                       -1.30352e-11


No. of Data Rows : 1878
vp_mid              =  -1.04874e-05
vn_mid              =  1.80003e+00
Doing analysis at TEMP = 27.000000 and TNOM = 27.000000

Using SPARSE 1.3 as Direct Linear Solver

Initial Transient Solution
--------------------------

Node                                   Voltage
----                                   -------
vdd                                        1.8
vin1                                  0.900703
vin2                                  0.899297
clk                                          0
x1.p                                       1.8
vout_p                                     1.8
vout_n                                     1.8
x1.q                                       1.8
x1.tail                               0.714029
vpulse#branch                                0
vvin2#branch                                 0
vvin1#branch                                 0
vvdd#branch                       -1.30352e-11


No. of Data Rows : 1876
vp_mid              =  1.80000e+00
vn_mid              =  -8.77953e-07
Doing analysis at TEMP = 27.000000 and TNOM = 27.000000

Using SPARSE 1.3 as Direct Linear Solver

Initial Transient Solution
--------------------------

Node                                   Voltage
----                                   -------
vdd                                        1.8
vin1                                  0.900742
vin2                                  0.899258
clk                                          0
x1.p                                       1.8
vout_p                                     1.8
vout_n                                     1.8
x1.q                                       1.8
x1.tail                               0.714029
vpulse#branch                                0
vvin2#branch                                 0
vvin1#branch                                 0
vvdd#branch                       -1.30352e-11


No. of Data Rows : 1877
vp_mid              =  1.80000e+00
vn_mid              =  4.57559e-06
Doing analysis at TEMP = 27.000000 and TNOM = 27.000000

Using SPARSE 1.3 as Direct Linear Solver

Initial Transient Solution
--------------------------

Node                                   Voltage
----                                   -------
vdd                                        1.8
vin1                                  0.900762
vin2                                  0.899238
clk                                          0
x1.p                                       1.8
vout_p                                     1.8
vout_n                                     1.8
x1.q                                       1.8
x1.tail                               0.714029
vpulse#branch                                0
vvin2#branch                                 0
vvin1#branch                                 0
vvdd#branch                       -1.30351e-11


No. of Data Rows : 1877
vp_mid              =  1.79999e+00
vn_mid              =  6.18162e-06
MC_BOUNDARY seed=1071 lo_V=0.00152344 hi_V=0.0015625
Note: Simulation executed from .control section 
