
Note: Compatibility modes selected: hs a


Circuit: * strongarm local mismatch sample; seed=1145

option SCALE: Scale is set to 1e-06 for instance and model parameters
option SCALE: Scale is set to 1e-06 for instance and model parameters
option SCALE: Scale is set to 1e-06 for instance and model parameters
option SCALE: Scale is set to 1e-06 for instance and model parameters
Doing analysis at TEMP = 27.000000 and TNOM = 27.000000

Using SPARSE 1.3 as Direct Linear Solver

Initial Transient Solution
--------------------------

Node                                   Voltage
----                                   -------
vdd                                        1.8
vin1                                      0.86
vin2                                      0.94
clk                                          0
x1.p                                       1.8
vout_p                                     1.8
vout_n                                     1.8
x1.q                                       1.8
x1.tail                               0.729832
vpulse#branch                                0
vvin2#branch                                 0
vvin1#branch                                 0
vvdd#branch                       -1.30822e-11


No. of Data Rows : 1874
vp_lo               =  1.80000e+00
vn_lo               =  3.48163e-06
MC_ENDPOINT_LO seed=1145
Doing analysis at TEMP = 27.000000 and TNOM = 27.000000

Using SPARSE 1.3 as Direct Linear Solver

Initial Transient Solution
--------------------------

Node                                   Voltage
----                                   -------
vdd                                        1.8
vin1                                      0.94
vin2                                      0.86
clk                                          0
x1.p                                       1.8
vout_p                                     1.8
vout_n                                     1.8
x1.q                                       1.8
x1.tail                               0.732002
vpulse#branch                                0
vvin2#branch                                 0
vvin1#branch                                 0
vvdd#branch                       -1.30889e-11


No. of Data Rows : 1874
vp_hi               =  2.65671e-06
vn_hi               =  1.80000e+00
MC_ENDPOINT_HI seed=1145
Doing analysis at TEMP = 27.000000 and TNOM = 27.000000

Using SPARSE 1.3 as Direct Linear Solver

Initial Transient Solution
--------------------------

Node                                   Voltage
----                                   -------
vdd                                        1.8
vin1                                       0.9
vin2                                       0.9
clk                                          0
x1.p                                       1.8
vout_p                                     1.8
vout_n                                     1.8
x1.q                                       1.8
x1.tail                               0.715463
vpulse#branch                                0
vvin2#branch                                 0
vvin1#branch                                 0
vvdd#branch                       -1.30389e-11


No. of Data Rows : 1875
vp_mid              =  -1.01349e-05
vn_mid              =  1.79999e+00
Doing analysis at TEMP = 27.000000 and TNOM = 27.000000

Using SPARSE 1.3 as Direct Linear Solver

Initial Transient Solution
--------------------------

Node                                   Voltage
----                                   -------
vdd                                        1.8
vin1                                      0.88
vin2                                      0.92
clk                                          0
x1.p                                       1.8
vout_p                                     1.8
vout_n                                     1.8
x1.q                                       1.8
x1.tail                               0.719169
vpulse#branch                                0
vvin2#branch                                 0
vvin1#branch                                 0
vvdd#branch                       -1.30501e-11


No. of Data Rows : 1875
vp_mid              =  1.80000e+00
vn_mid              =  2.73062e-06
Doing analysis at TEMP = 27.000000 and TNOM = 27.000000

Using SPARSE 1.3 as Direct Linear Solver

Initial Transient Solution
--------------------------

Node                                   Voltage
----                                   -------
vdd                                        1.8
vin1                                      0.89
vin2                                      0.91
clk                                          0
x1.p                                       1.8
vout_p                                     1.8
vout_n                                     1.8
x1.q                                       1.8
x1.tail                               0.716233
vpulse#branch                                0
vvin2#branch                                 0
vvin1#branch                                 0
vvdd#branch                       -1.30413e-11


No. of Data Rows : 1875
vp_mid              =  1.80000e+00
vn_mid              =  1.32224e-06
Doing analysis at TEMP = 27.000000 and TNOM = 27.000000

Using SPARSE 1.3 as Direct Linear Solver

Initial Transient Solution
--------------------------

Node                                   Voltage
----                                   -------
vdd                                        1.8
vin1                                     0.895
vin2                                     0.905
clk                                          0
x1.p                                       1.8
vout_p                                     1.8
vout_n                                     1.8
x1.q                                       1.8
x1.tail                               0.715561
vpulse#branch                                0
vvin2#branch                                 0
vvin1#branch                                 0
vvdd#branch                       -1.30393e-11


No. of Data Rows : 1875
vp_mid              =  1.80000e+00
vn_mid              =  -9.69982e-06
Doing analysis at TEMP = 27.000000 and TNOM = 27.000000

Using SPARSE 1.3 as Direct Linear Solver

Initial Transient Solution
--------------------------

Node                                   Voltage
----                                   -------
vdd                                        1.8
vin1                                    0.8975
vin2                                    0.9025
clk                                          0
x1.p                                       1.8
vout_p                                     1.8
vout_n                                     1.8
x1.q                                       1.8
x1.tail                                0.71544
vpulse#branch                                0
vvin2#branch                                 0
vvin1#branch                                 0
vvdd#branch                       -1.30388e-11


No. of Data Rows : 1875
vp_mid              =  1.79999e+00
vn_mid              =  9.06871e-07
Doing analysis at TEMP = 27.000000 and TNOM = 27.000000

Using SPARSE 1.3 as Direct Linear Solver

Initial Transient Solution
--------------------------

Node                                   Voltage
----                                   -------
vdd                                        1.8
vin1                                   0.89875
vin2                                   0.90125
clk                                          0
x1.p                                       1.8
vout_p                                     1.8
vout_n                                     1.8
x1.q                                       1.8
x1.tail                               0.715433
vpulse#branch                                0
vvin2#branch                                 0
vvin1#branch                                 0
vvdd#branch                       -1.30388e-11


No. of Data Rows : 1876
vp_mid              =  2.46696e-06
vn_mid              =  1.80000e+00
Doing analysis at TEMP = 27.000000 and TNOM = 27.000000

Using SPARSE 1.3 as Direct Linear Solver

Initial Transient Solution
--------------------------

Node                                   Voltage
----                                   -------
vdd                                        1.8
vin1                                  0.898125
vin2                                  0.901875
clk                                          0
x1.p                                       1.8
vout_p                                     1.8
vout_n                                     1.8
x1.q                                       1.8
x1.tail                               0.715432
vpulse#branch                                0
vvin2#branch                                 0
vvin1#branch                                 0
vvdd#branch                       -1.30389e-11


No. of Data Rows : 1876
vp_mid              =  1.80000e+00
vn_mid              =  2.88089e-06
Doing analysis at TEMP = 27.000000 and TNOM = 27.000000

Using SPARSE 1.3 as Direct Linear Solver

Initial Transient Solution
--------------------------

Node                                   Voltage
----                                   -------
vdd                                        1.8
vin1                                  0.898438
vin2                                  0.901563
clk                                          0
x1.p                                       1.8
vout_p                                     1.8
vout_n                                     1.8
x1.q                                       1.8
x1.tail                               0.715432
vpulse#branch                                0
vvin2#branch                                 0
vvin1#branch                                 0
vvdd#branch                       -1.30389e-11


No. of Data Rows : 1876
vp_mid              =  -1.52770e-06
vn_mid              =  1.79999e+00
Doing analysis at TEMP = 27.000000 and TNOM = 27.000000

Using SPARSE 1.3 as Direct Linear Solver

Initial Transient Solution
--------------------------

Node                                   Voltage
----                                   -------
vdd                                        1.8
vin1                                  0.898281
vin2                                  0.901719
clk                                          0
x1.p                                       1.8
vout_p                                     1.8
vout_n                                     1.8
x1.q                                       1.8
x1.tail                               0.715431
vpulse#branch                                0
vvin2#branch                                 0
vvin1#branch                                 0
vvdd#branch                       -1.30388e-11


No. of Data Rows : 1876
vp_mid              =  1.80000e+00
vn_mid              =  -1.12720e-06
Doing analysis at TEMP = 27.000000 and TNOM = 27.000000

Using SPARSE 1.3 as Direct Linear Solver

Initial Transient Solution
--------------------------

Node                                   Voltage
----                                   -------
vdd                                        1.8
vin1                                  0.898359
vin2                                  0.901641
clk                                          0
x1.p                                       1.8
vout_p                                     1.8
vout_n                                     1.8
x1.q                                       1.8
x1.tail                               0.715431
vpulse#branch                                0
vvin2#branch                                 0
vvin1#branch                                 0
vvdd#branch                       -1.30389e-11


No. of Data Rows : 1877
vp_mid              =  1.79999e+00
vn_mid              =  8.36617e-06
Doing analysis at TEMP = 27.000000 and TNOM = 27.000000

Using SPARSE 1.3 as Direct Linear Solver

Initial Transient Solution
--------------------------

Node                                   Voltage
----                                   -------
vdd                                        1.8
vin1                                  0.898398
vin2                                  0.901602
clk                                          0
x1.p                                       1.8
vout_p                                     1.8
vout_n                                     1.8
x1.q                                       1.8
x1.tail                               0.715431
vpulse#branch                                0
vvin2#branch                                 0
vvin1#branch                                 0
vvdd#branch                       -1.30388e-11


No. of Data Rows : 1875
vp_mid              =  1.80003e+00
vn_mid              =  -1.06784e-05
Doing analysis at TEMP = 27.000000 and TNOM = 27.000000

Using SPARSE 1.3 as Direct Linear Solver

Initial Transient Solution
--------------------------

Node                                   Voltage
----                                   -------
vdd                                        1.8
vin1                                  0.898418
vin2                                  0.901582
clk                                          0
x1.p                                       1.8
vout_p                                     1.8
vout_n                                     1.8
x1.q                                       1.8
x1.tail                               0.715431
vpulse#branch                                0
vvin2#branch                                 0
vvin1#branch                                 0
vvdd#branch                       -1.30389e-11


No. of Data Rows : 1879
vp_mid              =  -5.85402e-06
vn_mid              =  1.80002e+00
MC_BOUNDARY seed=1145 lo_V=-0.00320313 hi_V=-0.00316406
Note: Simulation executed from .control section 
