
Note: Compatibility modes selected: hs a


Circuit: * strongarm local mismatch sample; seed=1153

option SCALE: Scale is set to 1e-06 for instance and model parameters
option SCALE: Scale is set to 1e-06 for instance and model parameters
option SCALE: Scale is set to 1e-06 for instance and model parameters
option SCALE: Scale is set to 1e-06 for instance and model parameters
Doing analysis at TEMP = 27.000000 and TNOM = 27.000000

Using SPARSE 1.3 as Direct Linear Solver

Initial Transient Solution
--------------------------

Node                                   Voltage
----                                   -------
vdd                                        1.8
vin1                                      0.86
vin2                                      0.94
clk                                          0
x1.p                                       1.8
vout_p                                     1.8
vout_n                                     1.8
x1.q                                       1.8
x1.tail                               0.729051
vpulse#branch                                0
vvin2#branch                                 0
vvin1#branch                                 0
vvdd#branch                       -1.30842e-11


No. of Data Rows : 1875
vp_lo               =  1.80000e+00
vn_lo               =  2.73513e-06
MC_ENDPOINT_LO seed=1153
Doing analysis at TEMP = 27.000000 and TNOM = 27.000000

Using SPARSE 1.3 as Direct Linear Solver

Initial Transient Solution
--------------------------

Node                                   Voltage
----                                   -------
vdd                                        1.8
vin1                                      0.94
vin2                                      0.86
clk                                          0
x1.p                                       1.8
vout_p                                     1.8
vout_n                                     1.8
x1.q                                       1.8
x1.tail                               0.730051
vpulse#branch                                0
vvin2#branch                                 0
vvin1#branch                                 0
vvdd#branch                       -1.30873e-11


No. of Data Rows : 1875
vp_hi               =  2.36944e-06
vn_hi               =  1.80000e+00
MC_ENDPOINT_HI seed=1153
Doing analysis at TEMP = 27.000000 and TNOM = 27.000000

Using SPARSE 1.3 as Direct Linear Solver

Initial Transient Solution
--------------------------

Node                                   Voltage
----                                   -------
vdd                                        1.8
vin1                                       0.9
vin2                                       0.9
clk                                          0
x1.p                                       1.8
vout_p                                     1.8
vout_n                                     1.8
x1.q                                       1.8
x1.tail                               0.714083
vpulse#branch                                0
vvin2#branch                                 0
vvin1#branch                                 0
vvdd#branch                        -1.3039e-11


No. of Data Rows : 1875
vp_mid              =  1.82448e-07
vn_mid              =  1.79999e+00
Doing analysis at TEMP = 27.000000 and TNOM = 27.000000

Using SPARSE 1.3 as Direct Linear Solver

Initial Transient Solution
--------------------------

Node                                   Voltage
----                                   -------
vdd                                        1.8
vin1                                      0.88
vin2                                      0.92
clk                                          0
x1.p                                       1.8
vout_p                                     1.8
vout_n                                     1.8
x1.q                                       1.8
x1.tail                               0.718167
vpulse#branch                                0
vvin2#branch                                 0
vvin1#branch                                 0
vvdd#branch                       -1.30514e-11


No. of Data Rows : 1875
vp_mid              =  1.80000e+00
vn_mid              =  1.87528e-06
Doing analysis at TEMP = 27.000000 and TNOM = 27.000000

Using SPARSE 1.3 as Direct Linear Solver

Initial Transient Solution
--------------------------

Node                                   Voltage
----                                   -------
vdd                                        1.8
vin1                                      0.89
vin2                                      0.91
clk                                          0
x1.p                                       1.8
vout_p                                     1.8
vout_n                                     1.8
x1.q                                       1.8
x1.tail                               0.715055
vpulse#branch                                0
vvin2#branch                                 0
vvin1#branch                                 0
vvdd#branch                        -1.3042e-11


No. of Data Rows : 1875
vp_mid              =  1.80000e+00
vn_mid              =  1.40514e-06
Doing analysis at TEMP = 27.000000 and TNOM = 27.000000

Using SPARSE 1.3 as Direct Linear Solver

Initial Transient Solution
--------------------------

Node                                   Voltage
----                                   -------
vdd                                        1.8
vin1                                     0.895
vin2                                     0.905
clk                                          0
x1.p                                       1.8
vout_p                                     1.8
vout_n                                     1.8
x1.q                                       1.8
x1.tail                               0.714284
vpulse#branch                                0
vvin2#branch                                 0
vvin1#branch                                 0
vvdd#branch                       -1.30397e-11


No. of Data Rows : 1875
vp_mid              =  1.80000e+00
vn_mid              =  -7.98109e-06
Doing analysis at TEMP = 27.000000 and TNOM = 27.000000

Using SPARSE 1.3 as Direct Linear Solver

Initial Transient Solution
--------------------------

Node                                   Voltage
----                                   -------
vdd                                        1.8
vin1                                    0.8975
vin2                                    0.9025
clk                                          0
x1.p                                       1.8
vout_p                                     1.8
vout_n                                     1.8
x1.q                                       1.8
x1.tail                               0.714111
vpulse#branch                                0
vvin2#branch                                 0
vvin1#branch                                 0
vvdd#branch                       -1.30392e-11


No. of Data Rows : 1875
vp_mid              =  1.80000e+00
vn_mid              =  -1.26412e-05
Doing analysis at TEMP = 27.000000 and TNOM = 27.000000

Using SPARSE 1.3 as Direct Linear Solver

Initial Transient Solution
--------------------------

Node                                   Voltage
----                                   -------
vdd                                        1.8
vin1                                   0.89875
vin2                                   0.90125
clk                                          0
x1.p                                       1.8
vout_p                                     1.8
vout_n                                     1.8
x1.q                                       1.8
x1.tail                               0.714079
vpulse#branch                                0
vvin2#branch                                 0
vvin1#branch                                 0
vvdd#branch                        -1.3039e-11


No. of Data Rows : 1876
vp_mid              =  1.80000e+00
vn_mid              =  2.09601e-06
Doing analysis at TEMP = 27.000000 and TNOM = 27.000000

Using SPARSE 1.3 as Direct Linear Solver

Initial Transient Solution
--------------------------

Node                                   Voltage
----                                   -------
vdd                                        1.8
vin1                                  0.899375
vin2                                  0.900625
clk                                          0
x1.p                                       1.8
vout_p                                     1.8
vout_n                                     1.8
x1.q                                       1.8
x1.tail                               0.714076
vpulse#branch                                0
vvin2#branch                                 0
vvin1#branch                                 0
vvdd#branch                        -1.3039e-11


No. of Data Rows : 1876
vp_mid              =  2.14757e-06
vn_mid              =  1.80000e+00
Doing analysis at TEMP = 27.000000 and TNOM = 27.000000

Using SPARSE 1.3 as Direct Linear Solver

Initial Transient Solution
--------------------------

Node                                   Voltage
----                                   -------
vdd                                        1.8
vin1                                  0.899062
vin2                                  0.900938
clk                                          0
x1.p                                       1.8
vout_p                                     1.8
vout_n                                     1.8
x1.q                                       1.8
x1.tail                               0.714076
vpulse#branch                                0
vvin2#branch                                 0
vvin1#branch                                 0
vvdd#branch                        -1.3039e-11


No. of Data Rows : 1881
vp_mid              =  1.80000e+00
vn_mid              =  2.17996e-06
Doing analysis at TEMP = 27.000000 and TNOM = 27.000000

Using SPARSE 1.3 as Direct Linear Solver

Initial Transient Solution
--------------------------

Node                                   Voltage
----                                   -------
vdd                                        1.8
vin1                                  0.899219
vin2                                  0.900781
clk                                          0
x1.p                                       1.8
vout_p                                     1.8
vout_n                                     1.8
x1.q                                       1.8
x1.tail                               0.714076
vpulse#branch                                0
vvin2#branch                                 0
vvin1#branch                                 0
vvdd#branch                        -1.3039e-11


No. of Data Rows : 1876
vp_mid              =  1.80003e+00
vn_mid              =  -1.26880e-05
Doing analysis at TEMP = 27.000000 and TNOM = 27.000000

Using SPARSE 1.3 as Direct Linear Solver

Initial Transient Solution
--------------------------

Node                                   Voltage
----                                   -------
vdd                                        1.8
vin1                                  0.899297
vin2                                  0.900703
clk                                          0
x1.p                                       1.8
vout_p                                     1.8
vout_n                                     1.8
x1.q                                       1.8
x1.tail                               0.714076
vpulse#branch                                0
vvin2#branch                                 0
vvin1#branch                                 0
vvdd#branch                        -1.3039e-11


No. of Data Rows : 1875
vp_mid              =  1.80000e+00
vn_mid              =  2.39048e-06
Doing analysis at TEMP = 27.000000 and TNOM = 27.000000

Using SPARSE 1.3 as Direct Linear Solver

Initial Transient Solution
--------------------------

Node                                   Voltage
----                                   -------
vdd                                        1.8
vin1                                  0.899336
vin2                                  0.900664
clk                                          0
x1.p                                       1.8
vout_p                                     1.8
vout_n                                     1.8
x1.q                                       1.8
x1.tail                               0.714076
vpulse#branch                                0
vvin2#branch                                 0
vvin1#branch                                 0
vvdd#branch                        -1.3039e-11


No. of Data Rows : 1875
vp_mid              =  2.13560e-06
vn_mid              =  1.80000e+00
Doing analysis at TEMP = 27.000000 and TNOM = 27.000000

Using SPARSE 1.3 as Direct Linear Solver

Initial Transient Solution
--------------------------

Node                                   Voltage
----                                   -------
vdd                                        1.8
vin1                                  0.899316
vin2                                  0.900684
clk                                          0
x1.p                                       1.8
vout_p                                     1.8
vout_n                                     1.8
x1.q                                       1.8
x1.tail                               0.714076
vpulse#branch                                0
vvin2#branch                                 0
vvin1#branch                                 0
vvdd#branch                        -1.3039e-11


No. of Data Rows : 1876
vp_mid              =  2.12994e-06
vn_mid              =  1.80000e+00
MC_BOUNDARY seed=1153 lo_V=-0.00140625 hi_V=-0.00136719
Note: Simulation executed from .control section 
