
Note: Compatibility modes selected: hs a


Circuit: * strongarm local mismatch sample; seed=1102

option SCALE: Scale is set to 1e-06 for instance and model parameters
option SCALE: Scale is set to 1e-06 for instance and model parameters
option SCALE: Scale is set to 1e-06 for instance and model parameters
option SCALE: Scale is set to 1e-06 for instance and model parameters
Doing analysis at TEMP = 27.000000 and TNOM = 27.000000

Using SPARSE 1.3 as Direct Linear Solver

Initial Transient Solution
--------------------------

Node                                   Voltage
----                                   -------
vdd                                        1.8
vin1                                      0.86
vin2                                      0.94
clk                                          0
x1.p                                       1.8
vout_p                                     1.8
vout_n                                     1.8
x1.q                                       1.8
x1.tail                               0.729917
vpulse#branch                                0
vvin2#branch                                 0
vvin1#branch                                 0
vvdd#branch                       -1.30738e-11


No. of Data Rows : 1874
vp_lo               =  1.80000e+00
vn_lo               =  3.34050e-06
MC_ENDPOINT_LO seed=1102
Doing analysis at TEMP = 27.000000 and TNOM = 27.000000

Using SPARSE 1.3 as Direct Linear Solver

Initial Transient Solution
--------------------------

Node                                   Voltage
----                                   -------
vdd                                        1.8
vin1                                      0.94
vin2                                      0.86
clk                                          0
x1.p                                       1.8
vout_p                                     1.8
vout_n                                     1.8
x1.q                                       1.8
x1.tail                               0.729147
vpulse#branch                                0
vvin2#branch                                 0
vvin1#branch                                 0
vvdd#branch                       -1.30715e-11


No. of Data Rows : 1875
vp_hi               =  3.09568e-06
vn_hi               =  1.80000e+00
MC_ENDPOINT_HI seed=1102
Doing analysis at TEMP = 27.000000 and TNOM = 27.000000

Using SPARSE 1.3 as Direct Linear Solver

Initial Transient Solution
--------------------------

Node                                   Voltage
----                                   -------
vdd                                        1.8
vin1                                       0.9
vin2                                       0.9
clk                                          0
x1.p                                       1.8
vout_p                                     1.8
vout_n                                     1.8
x1.q                                       1.8
x1.tail                               0.714065
vpulse#branch                                0
vvin2#branch                                 0
vvin1#branch                                 0
vvdd#branch                       -1.30261e-11


No. of Data Rows : 1875
vp_mid              =  -1.13305e-05
vn_mid              =  1.80002e+00
Doing analysis at TEMP = 27.000000 and TNOM = 27.000000

Using SPARSE 1.3 as Direct Linear Solver

Initial Transient Solution
--------------------------

Node                                   Voltage
----                                   -------
vdd                                        1.8
vin1                                      0.88
vin2                                      0.92
clk                                          0
x1.p                                       1.8
vout_p                                     1.8
vout_n                                     1.8
x1.q                                       1.8
x1.tail                               0.718712
vpulse#branch                                0
vvin2#branch                                 0
vvin1#branch                                 0
vvdd#branch                         -1.304e-11


No. of Data Rows : 1875
vp_mid              =  1.80000e+00
vn_mid              =  2.60594e-06
Doing analysis at TEMP = 27.000000 and TNOM = 27.000000

Using SPARSE 1.3 as Direct Linear Solver

Initial Transient Solution
--------------------------

Node                                   Voltage
----                                   -------
vdd                                        1.8
vin1                                      0.89
vin2                                      0.91
clk                                          0
x1.p                                       1.8
vout_p                                     1.8
vout_n                                     1.8
x1.q                                       1.8
x1.tail                               0.715341
vpulse#branch                                0
vvin2#branch                                 0
vvin1#branch                                 0
vvdd#branch                       -1.30299e-11


No. of Data Rows : 1875
vp_mid              =  1.80000e+00
vn_mid              =  7.21387e-07
Doing analysis at TEMP = 27.000000 and TNOM = 27.000000

Using SPARSE 1.3 as Direct Linear Solver

Initial Transient Solution
--------------------------

Node                                   Voltage
----                                   -------
vdd                                        1.8
vin1                                     0.895
vin2                                     0.905
clk                                          0
x1.p                                       1.8
vout_p                                     1.8
vout_n                                     1.8
x1.q                                       1.8
x1.tail                               0.714421
vpulse#branch                                0
vvin2#branch                                 0
vvin1#branch                                 0
vvdd#branch                       -1.30271e-11


No. of Data Rows : 1875
vp_mid              =  1.80000e+00
vn_mid              =  -6.17587e-06
Doing analysis at TEMP = 27.000000 and TNOM = 27.000000

Using SPARSE 1.3 as Direct Linear Solver

Initial Transient Solution
--------------------------

Node                                   Voltage
----                                   -------
vdd                                        1.8
vin1                                    0.8975
vin2                                    0.9025
clk                                          0
x1.p                                       1.8
vout_p                                     1.8
vout_n                                     1.8
x1.q                                       1.8
x1.tail                               0.714171
vpulse#branch                                0
vvin2#branch                                 0
vvin1#branch                                 0
vvdd#branch                       -1.30263e-11


No. of Data Rows : 1875
vp_mid              =  1.79999e+00
vn_mid              =  -8.88419e-06
Doing analysis at TEMP = 27.000000 and TNOM = 27.000000

Using SPARSE 1.3 as Direct Linear Solver

Initial Transient Solution
--------------------------

Node                                   Voltage
----                                   -------
vdd                                        1.8
vin1                                   0.89875
vin2                                   0.90125
clk                                          0
x1.p                                       1.8
vout_p                                     1.8
vout_n                                     1.8
x1.q                                       1.8
x1.tail                                 0.7141
vpulse#branch                                0
vvin2#branch                                 0
vvin1#branch                                 0
vvdd#branch                       -1.30261e-11


No. of Data Rows : 1875
vp_mid              =  1.79999e+00
vn_mid              =  -9.30921e-09
Doing analysis at TEMP = 27.000000 and TNOM = 27.000000

Using SPARSE 1.3 as Direct Linear Solver

Initial Transient Solution
--------------------------

Node                                   Voltage
----                                   -------
vdd                                        1.8
vin1                                  0.899375
vin2                                  0.900625
clk                                          0
x1.p                                       1.8
vout_p                                     1.8
vout_n                                     1.8
x1.q                                       1.8
x1.tail                               0.714078
vpulse#branch                                0
vvin2#branch                                 0
vvin1#branch                                 0
vvdd#branch                        -1.3026e-11


No. of Data Rows : 1875
vp_mid              =  1.80000e+00
vn_mid              =  2.18646e-06
Doing analysis at TEMP = 27.000000 and TNOM = 27.000000

Using SPARSE 1.3 as Direct Linear Solver

Initial Transient Solution
--------------------------

Node                                   Voltage
----                                   -------
vdd                                        1.8
vin1                                  0.899687
vin2                                  0.900313
clk                                          0
x1.p                                       1.8
vout_p                                     1.8
vout_n                                     1.8
x1.q                                       1.8
x1.tail                                0.71407
vpulse#branch                                0
vvin2#branch                                 0
vvin1#branch                                 0
vvdd#branch                       -1.30261e-11


No. of Data Rows : 1875
vp_mid              =  1.80000e+00
vn_mid              =  2.36014e-06
Doing analysis at TEMP = 27.000000 and TNOM = 27.000000

Using SPARSE 1.3 as Direct Linear Solver

Initial Transient Solution
--------------------------

Node                                   Voltage
----                                   -------
vdd                                        1.8
vin1                                  0.899844
vin2                                  0.900156
clk                                          0
x1.p                                       1.8
vout_p                                     1.8
vout_n                                     1.8
x1.q                                       1.8
x1.tail                               0.714067
vpulse#branch                                0
vvin2#branch                                 0
vvin1#branch                                 0
vvdd#branch                       -1.30261e-11


No. of Data Rows : 1876
vp_mid              =  1.80000e+00
vn_mid              =  2.29421e-06
Doing analysis at TEMP = 27.000000 and TNOM = 27.000000

Using SPARSE 1.3 as Direct Linear Solver

Initial Transient Solution
--------------------------

Node                                   Voltage
----                                   -------
vdd                                        1.8
vin1                                  0.899922
vin2                                  0.900078
clk                                          0
x1.p                                       1.8
vout_p                                     1.8
vout_n                                     1.8
x1.q                                       1.8
x1.tail                               0.714066
vpulse#branch                                0
vvin2#branch                                 0
vvin1#branch                                 0
vvdd#branch                        -1.3026e-11


No. of Data Rows : 1876
vp_mid              =  2.85134e-06
vn_mid              =  1.79999e+00
Doing analysis at TEMP = 27.000000 and TNOM = 27.000000

Using SPARSE 1.3 as Direct Linear Solver

Initial Transient Solution
--------------------------

Node                                   Voltage
----                                   -------
vdd                                        1.8
vin1                                  0.899883
vin2                                  0.900117
clk                                          0
x1.p                                       1.8
vout_p                                     1.8
vout_n                                     1.8
x1.q                                       1.8
x1.tail                               0.714066
vpulse#branch                                0
vvin2#branch                                 0
vvin1#branch                                 0
vvdd#branch                        -1.3026e-11


No. of Data Rows : 1879
vp_mid              =  1.79999e+00
vn_mid              =  4.68408e-06
Doing analysis at TEMP = 27.000000 and TNOM = 27.000000

Using SPARSE 1.3 as Direct Linear Solver

Initial Transient Solution
--------------------------

Node                                   Voltage
----                                   -------
vdd                                        1.8
vin1                                  0.899902
vin2                                  0.900098
clk                                          0
x1.p                                       1.8
vout_p                                     1.8
vout_n                                     1.8
x1.q                                       1.8
x1.tail                               0.714066
vpulse#branch                                0
vvin2#branch                                 0
vvin1#branch                                 0
vvdd#branch                       -1.30259e-11


No. of Data Rows : 1876
vp_mid              =  1.80000e+00
vn_mid              =  -1.43226e-06
MC_BOUNDARY seed=1102 lo_V=-0.000195313 hi_V=-0.00015625
Note: Simulation executed from .control section 
